
> vite_react_shadcn_ts@0.0.0 build
> vite build

[36mvite v5.4.21 [32mbuilding for production...[36m[39m
transforming...
node.exe : 
At line:1 char:1
+ & "C:\Program Files\nodejs/node.exe" "C:\Program Files\nodejs/node_mo ...
+ ~~~~~~~~~~~~~~~~~~~~~~~~~~~~~~~~~~~~~~~~~~~~~~~~~~~~~~~~~~~~~~~~~~~~~
    + CategoryInfo          : NotSpecified: (:String) [], RemoteException
    + FullyQualifiedErrorId : NativeCommandError
 
[1m[33mwarn[39m[22m - The class `ease-[cubic-bezier(0.68,-0.55,0.27,1.55)]` is ambiguous and matches multiple 
utilities.
[1m[33mwarn[39m[22m - If this is content and not a class, replace it with 
`ease-&lsqb;cubic-bezier(0.68,-0.55,0.27,1.55)&rsqb;` to silence this warning.
[32m✓[39m 92 modules transformed.
[31mx[39m Build failed in 3.07s
[31merror during build:
[31m[vite:esbuild] Transform failed with 1 error:
C:/Users/USER/OneDrive/Desktop/jagannath/Jagannatha-Temple-agency/client/src/components/admin/GenericCMS.tsx:142:104: 
ERROR: Unexpected ","[31m
file: [36mC:/Users/USER/OneDrive/Desktop/jagannath/Jagannatha-Temple-agency/client/src/components/admin/GenericCMS.tsx
:142:104[31m
[33m
[33mUnexpected ","[33m
140|                  <td className="py-3">
141|                    {item.image ? (
142|                      <img src={item.image.startsWith('http') ? item.image : `/${item.image.replace(/^\\//, '')}`} 
alt="thumb" className="w-12 h-12 rounded-lg object-cover" />
   |                                                                                                          ^
143|                    ) : (
144|                      <div className="w-12 h-12 rounded-lg bg-neutral-800 flex items-center justify-center">
[31m
    at failureErrorWithLog (C:\Users\USER\OneDrive\Desktop\jagannath\Jagannatha-Temple-agency\client\node_modules\vite\
node_modules\esbuild\lib\main.js:1472:15)
    at C:\Users\USER\OneDrive\Desktop\jagannath\Jagannatha-Temple-agency\client\node_modules\vite\node_modules\esbuild\
lib\main.js:755:50
    at responseCallbacks.<computed> (C:\Users\USER\OneDrive\Desktop\jagannath\Jagannatha-Temple-agency\client\node_modu
les\vite\node_modules\esbuild\lib\main.js:622:9)
    at handleIncomingPacket (C:\Users\USER\OneDrive\Desktop\jagannath\Jagannatha-Temple-agency\client\node_modules\vite
\node_modules\esbuild\lib\main.js:677:12)
    at Socket.readFromStdout (C:\Users\USER\OneDrive\Desktop\jagannath\Jagannatha-Temple-agency\client\node_modules\vit
e\node_modules\esbuild\lib\main.js:600:7)
    at Socket.emit (node:events:518:28)
    at addChunk (node:internal/streams/readable:561:12)
    at readableAddChunkPushByteMode (node:internal/streams/readable:512:3)
    at Readable.push (node:internal/streams/readable:392:5)
    at Pipe.onStreamRead (node:internal/stream_base_commons:189:23)[39m
